[forsyth.itslearning.com/index.html]
[backblue.gif]
[fade.gif]
[index.html]
[statics.itslearning.com/v3.115.0.528/application/login/index.modern.bundle.css]
[statics.itslearning.com/v3.115.0.528/touch-icon-iphone.png]
[statics.itslearning.com/v3.115.0.528/touch-icon-ipad.png]
[statics.itslearning.com/v3.115.0.528/touch-icon-iphone-retina.png]
[statics.itslearning.com/v3.115.0.528/touch-icon-ipad-retina.png]
[statics.itslearning.com/v3.115.0.528/javascript/Common.js]
[statics.itslearning.com/v3.115.0.528/ui/controls/media/javascript/AC_RunActiveContent.js]
[statics.itslearning.com/v3.115.0.528/javascript/onboarding/onboarding.min.js]
[statics.itslearning.com/v3.115.0.528/javascript/jQuery/jquery-1.7.1/jquery-1.7.1.min.js]
[statics.itslearning.com/v3.115.0.528/javascript/jQuery/jquery-1.7.1/jquery-ui-1.11.4.custom.min.js]
[statics.itslearning.com/v3.115.0.528/javascript/commonControlLibrary.min.js]
[statics.itslearning.com/v3.115.0.528/Skins/DoNotUse1/its_logo.png]
[statics.itslearning.com/v3.115.0.528/icons/xp/federated_login24.png]
[forsyth.itslearning.com/Rssc552.aspx]
[statics.itslearning.com/v3.115.0.528/icons/xp/RssFeed16.png]
[forsyth.itslearning.com/cdn-cgi/l/email-protection.html]
[forsyth.itslearning.com/CleanCookie.html]
[forsyth.itslearning.com/cdn-cgi/scripts/5c5dd728/cloudflare-static/email-decode.min.js]
[statics.itslearning.com/v3.115.0.528/application/Login/index.bundle.js]
[forsyth.itslearning.com/index.html]
[statics.itslearning.com/v3.115.0.528/application/Login/index.bundle.es5.js]
[statics.itslearning.com/v3.115.0.528/skins/ccl.css]
[statics.itslearning.com/v3.115.0.528/skins/JQuery/theme/jquery-ui-1.11.4.custom.css]
[statics.itslearning.com/v3.115.0.528/icons/dropdown_arrow_big.png]
[statics.itslearning.com/v3.115.0.528/images/downtime_gears.png]
[statics.itslearning.com/v3.115.0.528/icons/xp/flag_no32.png]
[statics.itslearning.com/v3.115.0.528/icons/xp/flag_dk32.png]
[statics.itslearning.com/v3.115.0.528/icons/xp/flag_de32.png]
[statics.itslearning.com/v3.115.0.528/icons/xp/flag_us32.png]
[statics.itslearning.com/v3.115.0.528/icons/xp/flag_es32.png]
[statics.itslearning.com/v3.115.0.528/icons/xp/flag_fr32.png]
[statics.itslearning.com/v3.115.0.528/icons/xp/flag_lt32.png]
[statics.itslearning.com/v3.115.0.528/icons/xp/flag_cn32.png]
[statics.itslearning.com/v3.115.0.528/icons/xp/flag_it32.png]
[statics.itslearning.com/v3.115.0.528/icons/xp/flag_nl32.png]
[statics.itslearning.com/v3.115.0.528/icons/xp/flag_pl32.png]
[statics.itslearning.com/v3.115.0.528/icons/xp/flag_br32.png]
[statics.itslearning.com/v3.115.0.528/icons/xp/flag_fi32.png]
[statics.itslearning.com/v3.115.0.528/icons/xp/flag_se32.png]
[statics.itslearning.com/v3.115.0.528/icons/xp/flag_tr32.png]
[statics.itslearning.com/v3.115.0.528/icons/xp/flag_uk32.png]
[statics.itslearning.com/v3.115.0.528/application/login/index.modern.bundle.css]
[forsyth.itslearning.com/cdn-cgi/l/email-protection.html]
[statics.itslearning.com/v3.115.0.528/images/cookies/cookies.png]
[forsyth.itslearning.com/CleanCookie.html]
[statics.itslearning.com/v3.115.0.528/skins/ccl.css]
[statics.itslearning.com/v3.115.0.528/skins/JQuery/theme/jquery-ui-1.11.4.custom.css]
